Microsoft Windows XP [version 5.1.2600]
(C) Copyright 1985-2001 Microsoft Corp.

C:\Documents and Settings\Phil>curl
curl: try 'curl --help' or 'curl --manual' for more information

C:\Documents and Settings\Phil>curl http://google.com
<HTML><HEAD><meta http-equiv="content-type" content="text/html;charset=utf-8">
<TITLE>301 Moved</TITLE></HEAD><BODY>
<H1>301 Moved</H1>
The document has moved
<A HREF="http://www.google.com/">here</A>.
</BODY></HTML>

C:\Documents and Settings\Phil>curl https://tcbp1630844092trial.hanatrial.ondema
nd.com/runciter/documents/ls/
["/angular/essai/accueil.html"]
C:\Documents and Settings\Phil>curl https://tcbp1630844092trial.hanatrial.ondema
nd.com/runciter/documents/angular/essai/accueil.html
´++<!doctype html>
<html ng-app>
<head>
    <title>Premier essai avec Angular</title>
    <meta charset="utf-8">

    <!-- jQuery (necessary for Bootstrap's JavaScript plugins) -->
    <script src="https://code.jquery.com/jquery.js"></script>
    <!-- Include all compiled plugins (below), or include individual files as ne
eded -->
    <script src="https://ajax.googleapis.com/ajax/libs/angularjs/1.2.3/angular.m
in.js"></script>
    <!-- Latest compiled and minified CSS -->
    <link rel="stylesheet" href="bootstrap/css/bootstrap.min.css">
    <!-- Optional theme -->
    <link rel="stylesheet" href="bootstrap/css/bootstrap-theme.min.css">
    <!-- Latest compiled and minified JavaScript -->
    <script src="bootstrap/js/bootstrap.min.js"></script>

    <link href="css/style.css" rel="stylesheet">

</head>
<body>

<div ng-include src="'entete.html'"></div>

<div class="container">
    <h1>Mes animaux</h1>
    <p>Site de recherche pour animaux perdus</p>

    <form id="searchByNum" class="form-horizontal span8"  method="post">
    <div class="control-group">
        <label class="control-label" for="inputSubject">Subject</label>
        <div class="controls">
            <input type="text" id="inputSubject" class="span8" >
        </div>
    </div>

    <div class="control-group">
        <label class="control-label" for="inputTags">Tags</label>
        <div class="controls">
            <input type="text" id="inputTags" class="span3">
        </div>
    </div>

    <div class="control-group">
        <label class="control-label" for="inputAccess">access</label>
        <div class="controls">
            <input type="text" id="inputAccess" class="span3">
        </div>
    </div>



    <p>
    <label for="intro1">N-¦ de puce</label>
    <input type="text" class="intro" name="intro1" ng-model="numero_puce" />
    <a href="#" class="btn">Recherche</a>
    </p>

    <p>
    <label for="intro2">Race d'animal</label>
    <input type="text" class="intro" name="intro2" />
    </p>

    <h5>On cherche la puce {{ numero_puce }}</h5>
</div>

<div class="container">

    <div class="row">
        <div class="span6">
            <h2>Titre 1</h2>
            Contrairement +á une opinion r+®pandue,
            le Lorem Ipsum n'est pas simplement du texte al+®atoire.
            Il trouve ses racines dans une oeuvre de la litt+®rature latine clas
sique datant de 45 av. J.-C., le rendant vieux de 2000 ans. Un professeur du Ham
pden-Sydney College, en Virginie, s'est int+®ress+® +á un des mots latins les pl
us obscurs, consectetur, extrait d'un passage du Lorem Ipsum, et en +®tudiant
        </div>
        <div class="span5">
            <h2>Titre 2</h2>
             On sait depuis longtemps que travailler avec du texte lisible et co
ntenant du sens est source de distractions, et emp+¬che de se concentrer sur la
mise en page elle-m+¬me. L'avantage du Lorem Ipsum sur un texte g+®n+®rique comm
e 'Du texte. Du texte.
        </div>
        <div class="span5">
            <h2>Titre 3</h2>
                Plusieurs variations de Lorem Ipsum peuvent +¬tre trouv+®es ici
ou l+á, mais la majeure partie d'entre elles a +®t+® alt+®r+®e par l'addition d'
humour ou de mots al+®atoires qui ne ressemblent pas une seconde +á du texte sta
ndard.
                    paragraphes mots    caract+¿res     listesCommencez par "Lor
em ipsum dolor sit amet..."Advertise
        </div>
    </div>

    <div class="row">
        <div class="span11">
            <div class="page-header">
                <h1>Dernieres actus <small> infos des derni+¿res 24h</small></h1
>
                <p>
                    <img src="http://lorempixum.com/640/200/nature">
                </p>
            </div>
        </div>
        <div class="span5">
        </div>
    </div>


</div>


</body>
</html>

C:\Documents and Settings\Phil>curl https://tcbp1630844092trial.hanatrial.ondema
nd.com/runciter/documents/angular/essai
<html><head><title>SAP - Error report</title><style><!--H1 {font-family:Tahoma,A
rial,sans-serif;color:white;background-color:#525D76;font-size:22px;} H2 {font-f
amily:Tahoma,Arial,sans-serif;color:white;background-color:#525D76;font-size:16p
x;} H3 {font-family:Tahoma,Arial,sans-serif;color:white;background-color:#525D76
;font-size:14px;} BODY {font-family:Tahoma,Arial,sans-serif;color:black;backgrou
nd-color:white;} B {font-family:Tahoma,Arial,sans-serif;color:white;background-c
olor:#525D76;} P {font-family:Tahoma,Arial,sans-serif;background:white;color:bla
ck;font-size:12px;}A {color : black;}A.name {color : black;}HR {color : #525D76;
}--></style> </head><body><h1>HTTP Status 500 - org.glassfish.jersey.server.Cont
ainerException: java.io.IOException: Object @ '/angular/essai}' is not an instan
ce of  Document.</h1><HR size="1" noshade="noshade"><p><b>type</b> Exception rep
ort</p><p><b>message</b> <u>org.glassfish.jersey.server.ContainerException: java
.io.IOException: Object @ '/angular/essai}' is not an instance of  Document.</u>
</p><p><b>description</b> <u>The server encountered an internal error that preve
nted it from fulfilling this request.</u></p><p><b>exception</b> <pre>javax.serv
let.ServletException: org.glassfish.jersey.server.ContainerException: java.io.IO
Exception: Object @ '/angular/essai}' is not an instance of  Document.
        org.glassfish.jersey.servlet.WebComponent.service(WebComponent.java:392)

        org.glassfish.jersey.servlet.ServletContainer.service(ServletContainer.j
ava:381)
        org.glassfish.jersey.servlet.ServletContainer.service(ServletContainer.j
ava:344)
        org.glassfish.jersey.servlet.ServletContainer.service(ServletContainer.j
ava:219)
        org.apache.tomcat.websocket.server.WsFilter.doFilter(WsFilter.java:51)
        com.sap.core.communication.server.CertValidatorFilter.doFilter(CertValid
atorFilter.java:318)
        net.aequologica.neo.geppaequo.auth.AuthFilter.doFilter(AuthFilter.java:6
1)
</pre></p><p><b>root cause</b> <pre>org.glassfish.jersey.server.ContainerExcepti
on: java.io.IOException: Object @ '/angular/essai}' is not an instance of  Docum
ent.
        org.glassfish.jersey.servlet.internal.ResponseWriter.rethrow(ResponseWri
ter.java:249)
        org.glassfish.jersey.servlet.internal.ResponseWriter.failure(ResponseWri
ter.java:231)
        org.glassfish.jersey.server.ServerRuntime$Responder.process(ServerRuntim
e.java:433)
        org.glassfish.jersey.server.ServerRuntime$1.run(ServerRuntime.java:265)
        org.glassfish.jersey.internal.Errors$1.call(Errors.java:271)
        org.glassfish.jersey.internal.Errors$1.call(Errors.java:267)
        org.glassfish.jersey.internal.Errors.process(Errors.java:315)
        org.glassfish.jersey.internal.Errors.process(Errors.java:297)
        org.glassfish.jersey.internal.Errors.process(Errors.java:267)
        org.glassfish.jersey.process.internal.RequestScope.runInScope(RequestSco
pe.java:319)
        org.glassfish.jersey.server.ServerRuntime.process(ServerRuntime.java:236
)
        org.glassfish.jersey.server.ApplicationHandler.handle(ApplicationHandler
.java:1028)
        org.glassfish.jersey.servlet.WebComponent.service(WebComponent.java:373)

        org.glassfish.jersey.servlet.ServletContainer.service(ServletContainer.j
ava:381)
        org.glassfish.jersey.servlet.ServletContainer.service(ServletContainer.j
ava:344)
        org.glassfish.jersey.servlet.ServletContainer.service(ServletContainer.j
ava:219)
        org.apache.tomcat.websocket.server.WsFilter.doFilter(WsFilter.java:51)
        com.sap.core.communication.server.CertValidatorFilter.doFilter(CertValid
atorFilter.java:318)
        net.aequologica.neo.geppaequo.auth.AuthFilter.doFilter(AuthFilter.java:6
1)
</pre></p><p><b>root cause</b> <pre>java.io.IOException: Object @ '/angular/essa
i}' is not an instance of  Document.
        net.aequologica.neo.geppaequo.cmis.ECMHelperImpl$Getter.get(ECMHelperImp
l.java:594)
        net.aequologica.neo.geppaequo.cmis.ECMHelperImpl.getDocument(ECMHelperIm
pl.java:605)
        net.aequologica.neo.geppaequo.cmis.ECMHelperImpl.getDocumentStream(ECMHe
lperImpl.java:185)
        net.aequologica.neo.geppaequo.document.DocumentHelper.read(DocumentHelpe
r.java:116)
        net.aequologica.neo.geppaequo.fileupload.Resource.readDocument(Resource.
java:161)
        sun.reflect.NativeMethodAccessorImpl.invoke0(Native Method)
        sun.reflect.NativeMethodAccessorImpl.invoke(NativeMethodAccessorImpl.jav
a:57)
        sun.reflect.DelegatingMethodAccessorImpl.invoke(DelegatingMethodAccessor
Impl.java:43)
        java.lang.reflect.Method.invoke(Method.java:601)
        org.glassfish.jersey.server.model.internal.ResourceMethodInvocationHandl
erFactory$1.invoke(ResourceMethodInvocationHandlerFactory.java:81)
        org.glassfish.jersey.server.model.internal.AbstractJavaResourceMethodDis
patcher$1.run(AbstractJavaResourceMethodDispatcher.java:151)
        org.glassfish.jersey.server.model.internal.AbstractJavaResourceMethodDis
patcher.invoke(AbstractJavaResourceMethodDispatcher.java:171)
        org.glassfish.jersey.server.model.internal.JavaResourceMethodDispatcherP
rovider$ResponseOutInvoker.doDispatch(JavaResourceMethodDispatcherProvider.java:
152)
        org.glassfish.jersey.server.model.internal.AbstractJavaResourceMethodDis
patcher.dispatch(AbstractJavaResourceMethodDispatcher.java:104)
        org.glassfish.jersey.server.model.ResourceMethodInvoker.invoke(ResourceM
ethodInvoker.java:406)
        org.glassfish.jersey.server.model.ResourceMethodInvoker.apply(ResourceMe
thodInvoker.java:350)
        org.glassfish.jersey.server.model.ResourceMethodInvoker.apply(ResourceMe
thodInvoker.java:106)
        org.glassfish.jersey.server.ServerRuntime$1.run(ServerRuntime.java:259)
        org.glassfish.jersey.internal.Errors$1.call(Errors.java:271)
        org.glassfish.jersey.internal.Errors$1.call(Errors.java:267)
        org.glassfish.jersey.internal.Errors.process(Errors.java:315)
        org.glassfish.jersey.internal.Errors.process(Errors.java:297)
        org.glassfish.jersey.internal.Errors.process(Errors.java:267)
        org.glassfish.jersey.process.internal.RequestScope.runInScope(RequestSco
pe.java:319)
        org.glassfish.jersey.server.ServerRuntime.process(ServerRuntime.java:236
)
        org.glassfish.jersey.server.ApplicationHandler.handle(ApplicationHandler
.java:1028)
        org.glassfish.jersey.servlet.WebComponent.service(WebComponent.java:373)

        org.glassfish.jersey.servlet.ServletContainer.service(ServletContainer.j
ava:381)
        org.glassfish.jersey.servlet.ServletContainer.service(ServletContainer.j
ava:344)
        org.glassfish.jersey.servlet.ServletContainer.service(ServletContainer.j
ava:219)
        org.apache.tomcat.websocket.server.WsFilter.doFilter(WsFilter.java:51)
        com.sap.core.communication.server.CertValidatorFilter.doFilter(CertValid
atorFilter.java:318)
        net.aequologica.neo.geppaequo.auth.AuthFilter.doFilter(AuthFilter.java:6
1)
</pre></p><p><b>note</b> <u>The full stack trace of the root cause is available
in the SAP logs.</u></p><HR size="1" noshade="noshade"><h3>SAP</h3></body></html
>
C:\Documents and Settings\Phil>curl https://tcbp1630844092trial.hanatrial.ondema
nd.com/runciter/documents/angular/essai -X DELETE

C:\Documents and Settings\Phil>curl https://tcbp1630844092trial.hanatrial.ondema
nd.com/runciter/documents/ls/
[]
C:\Documents and Settings\Phil>
